24-Apr-2026 16:38:54.367 INFO [main] org.apache.catalina.startup.VersionLoggerListener.log Server version name:   Apache Tomcat/9.0.85
24-Apr-2026 16:38:54.393 INFO [main] org.apache.catalina.startup.VersionLoggerListener.log Server built:          Jan 5 2024 08:28:07 UTC
24-Apr-2026 16:38:54.395 INFO [main] org.apache.catalina.startup.VersionLoggerListener.log Server version number: 9.0.85.0
24-Apr-2026 16:38:54.396 INFO [main] org.apache.catalina.startup.VersionLoggerListener.log OS Name:               Linux
24-Apr-2026 16:38:54.397 INFO [main] org.apache.catalina.startup.VersionLoggerListener.log OS Version:            5.15.0-139-generic
24-Apr-2026 16:38:54.397 INFO [main] org.apache.catalina.startup.VersionLoggerListener.log Architecture:          amd64
24-Apr-2026 16:38:54.397 INFO [main] org.apache.catalina.startup.VersionLoggerListener.log Java Home:             /usr/lib/jvm/java-17-openjdk-amd64
24-Apr-2026 16:38:54.398 INFO [main] org.apache.catalina.startup.VersionLoggerListener.log JVM Version:           17.0.15+6-Ubuntu-0ubuntu120.04
24-Apr-2026 16:38:54.398 INFO [main] org.apache.catalina.startup.VersionLoggerListener.log JVM Vendor:            Ubuntu
24-Apr-2026 16:38:54.398 INFO [main] org.apache.catalina.startup.VersionLoggerListener.log CATALINA_BASE:         /home/moni/Desktop/tomcat1
24-Apr-2026 16:38:54.399 INFO [main] org.apache.catalina.startup.VersionLoggerListener.log CATALINA_HOME:         /home/moni/Desktop/tomcat1
24-Apr-2026 16:38:54.488 INFO [main] org.apache.catalina.startup.VersionLoggerListener.log Command line argument: --add-opens=java.base/java.lang=ALL-UNNAMED
24-Apr-2026 16:38:54.489 INFO [main] org.apache.catalina.startup.VersionLoggerListener.log Command line argument: --add-opens=java.base/java.io=ALL-UNNAMED
24-Apr-2026 16:38:54.489 INFO [main] org.apache.catalina.startup.VersionLoggerListener.log Command line argument: --add-opens=java.base/java.util=ALL-UNNAMED
24-Apr-2026 16:38:54.490 INFO [main] org.apache.catalina.startup.VersionLoggerListener.log Command line argument: --add-opens=java.base/java.util.concurrent=ALL-UNNAMED
24-Apr-2026 16:38:54.490 INFO [main] org.apache.catalina.startup.VersionLoggerListener.log Command line argument: --add-opens=java.rmi/sun.rmi.transport=ALL-UNNAMED
24-Apr-2026 16:38:54.490 INFO [main] org.apache.catalina.startup.VersionLoggerListener.log Command line argument: -Djava.util.logging.config.file=/home/moni/Desktop/tomcat1/conf/logging.properties
24-Apr-2026 16:38:54.490 INFO [main] org.apache.catalina.startup.VersionLoggerListener.log Command line argument: -Djava.util.logging.manager=org.apache.juli.ClassLoaderLogManager
24-Apr-2026 16:38:54.491 INFO [main] org.apache.catalina.startup.VersionLoggerListener.log Command line argument: -Djdk.tls.ephemeralDHKeySize=2048
24-Apr-2026 16:38:54.491 INFO [main] org.apache.catalina.startup.VersionLoggerListener.log Command line argument: -Djava.protocol.handler.pkgs=org.apache.catalina.webresources
24-Apr-2026 16:38:54.493 INFO [main] org.apache.catalina.startup.VersionLoggerListener.log Command line argument: -Dorg.apache.catalina.security.SecurityListener.UMASK=0027
24-Apr-2026 16:38:54.493 INFO [main] org.apache.catalina.startup.VersionLoggerListener.log Command line argument: -Dignore.endorsed.dirs=
24-Apr-2026 16:38:54.494 INFO [main] org.apache.catalina.startup.VersionLoggerListener.log Command line argument: -Dcatalina.base=/home/moni/Desktop/tomcat1
24-Apr-2026 16:38:54.494 INFO [main] org.apache.catalina.startup.VersionLoggerListener.log Command line argument: -Dcatalina.home=/home/moni/Desktop/tomcat1
24-Apr-2026 16:38:54.494 INFO [main] org.apache.catalina.startup.VersionLoggerListener.log Command line argument: -Djava.io.tmpdir=/home/moni/Desktop/tomcat1/temp
24-Apr-2026 16:38:54.509 INFO [main] org.apache.catalina.core.AprLifecycleListener.lifecycleEvent The Apache Tomcat Native library which allows using OpenSSL was not found on the java.library.path: [/usr/java/packages/lib:/usr/lib/x86_64-linux-gnu/jni:/lib/x86_64-linux-gnu:/usr/lib/x86_64-linux-gnu:/usr/lib/jni:/lib:/usr/lib]
24-Apr-2026 16:38:56.439 INFO [main] org.apache.coyote.AbstractProtocol.init Initializing ProtocolHandler ["http-nio-8081"]
24-Apr-2026 16:38:56.573 INFO [main] org.apache.catalina.startup.Catalina.load Server initialization in [3666] milliseconds
24-Apr-2026 16:38:56.826 INFO [main] org.apache.catalina.core.StandardService.startInternal Starting service [Catalina]
24-Apr-2026 16:38:56.827 INFO [main] org.apache.catalina.core.StandardEngine.startInternal Starting Servlet engine: [Apache Tomcat/9.0.85]
24-Apr-2026 16:38:56.929 INFO [main] org.apache.catalina.startup.HostConfig.deployWAR Deploying web application archive [/home/moni/Desktop/tomcat1/webapps/myapp.war]
24-Apr-2026 16:39:31.553 INFO [main] org.apache.jasper.servlet.TldScanner.scanJars At least one JAR was scanned for TLDs yet contained no TLDs. Enable debug logging for this logger for a complete list of JARs that were scanned but no TLDs were found in them. Skipping unneeded JARs during scanning can improve startup time and JSP compilation time.
24-Apr-2026 16:39:31.828 INFO [main] org.apache.catalina.startup.HostConfig.deployWAR Deployment of web application archive [/home/moni/Desktop/tomcat1/webapps/myapp.war] has finished in [34,890] ms
24-Apr-2026 16:39:31.833 INFO [main] org.apache.catalina.startup.HostConfig.deployDirectory Deploying web application directory [/home/moni/Desktop/tomcat1/webapps/examples]
24-Apr-2026 16:39:33.342 INFO [main] org.apache.catalina.startup.HostConfig.deployDirectory Deployment of web application directory [/home/moni/Desktop/tomcat1/webapps/examples] has finished in [1,510] ms
24-Apr-2026 16:39:33.343 INFO [main] org.apache.catalina.startup.HostConfig.deployDirectory Deploying web application directory [/home/moni/Desktop/tomcat1/webapps/ROOT]
24-Apr-2026 16:39:33.416 INFO [main] org.apache.catalina.startup.HostConfig.deployDirectory Deployment of web application directory [/home/moni/Desktop/tomcat1/webapps/ROOT] has finished in [72] ms
24-Apr-2026 16:39:33.417 INFO [main] org.apache.catalina.startup.HostConfig.deployDirectory Deploying web application directory [/home/moni/Desktop/tomcat1/webapps/host-manager]
24-Apr-2026 16:39:33.525 INFO [main] org.apache.catalina.startup.HostConfig.deployDirectory Deployment of web application directory [/home/moni/Desktop/tomcat1/webapps/host-manager] has finished in [108] ms
24-Apr-2026 16:39:33.527 INFO [main] org.apache.catalina.startup.HostConfig.deployDirectory Deploying web application directory [/home/moni/Desktop/tomcat1/webapps/manager]
24-Apr-2026 16:39:33.635 INFO [main] org.apache.catalina.startup.HostConfig.deployDirectory Deployment of web application directory [/home/moni/Desktop/tomcat1/webapps/manager] has finished in [109] ms
24-Apr-2026 16:39:33.637 INFO [main] org.apache.catalina.startup.HostConfig.deployDirectory Deploying web application directory [/home/moni/Desktop/tomcat1/webapps/docs]
24-Apr-2026 16:39:33.704 INFO [main] org.apache.catalina.startup.HostConfig.deployDirectory Deployment of web application directory [/home/moni/Desktop/tomcat1/webapps/docs] has finished in [66] ms
24-Apr-2026 16:39:33.728 INFO [main] org.apache.coyote.AbstractProtocol.start Starting ProtocolHandler ["http-nio-8081"]
24-Apr-2026 16:39:33.832 INFO [main] org.apache.catalina.startup.Catalina.start Server startup in [37257] milliseconds
24-Apr-2026 16:46:43.315 INFO [http-nio-8081-exec-1] org.apache.catalina.startup.HostConfig.deployWAR Deploying web application archive [/home/moni/Desktop/tomcat1/webapps/amazon.war]
24-Apr-2026 16:47:14.970 INFO [http-nio-8081-exec-1] org.apache.jasper.servlet.TldScanner.scanJars At least one JAR was scanned for TLDs yet contained no TLDs. Enable debug logging for this logger for a complete list of JARs that were scanned but no TLDs were found in them. Skipping unneeded JARs during scanning can improve startup time and JSP compilation time.
24-Apr-2026 16:47:15.037 INFO [http-nio-8081-exec-1] org.apache.catalina.startup.HostConfig.deployWAR Deployment of web application archive [/home/moni/Desktop/tomcat1/webapps/amazon.war] has finished in [31,713] ms
24-Apr-2026 16:49:30.390 INFO [http-nio-8081-exec-6] org.apache.catalina.startup.HostConfig.undeploy Undeploying context [/amazon]
24-Apr-2026 16:49:47.276 INFO [main] org.apache.catalina.core.StandardServer.await A valid shutdown command was received via the shutdown port. Stopping the Server instance.
24-Apr-2026 16:49:47.285 INFO [main] org.apache.coyote.AbstractProtocol.pause Pausing ProtocolHandler ["http-nio-8081"]
24-Apr-2026 16:49:47.377 INFO [main] org.apache.catalina.core.StandardService.stopInternal Stopping service [Catalina]
24-Apr-2026 16:49:47.650 INFO [main] org.apache.coyote.AbstractProtocol.stop Stopping ProtocolHandler ["http-nio-8081"]
24-Apr-2026 16:49:47.676 INFO [main] org.apache.coyote.AbstractProtocol.destroy Destroying ProtocolHandler ["http-nio-8081"]
24-Apr-2026 16:49:54.927 INFO [main] org.apache.catalina.startup.VersionLoggerListener.log Server version name:   Apache Tomcat/9.0.85
24-Apr-2026 16:49:54.962 INFO [main] org.apache.catalina.startup.VersionLoggerListener.log Server built:          Jan 5 2024 08:28:07 UTC
24-Apr-2026 16:49:54.965 INFO [main] org.apache.catalina.startup.VersionLoggerListener.log Server version number: 9.0.85.0
24-Apr-2026 16:49:54.966 INFO [main] org.apache.catalina.startup.VersionLoggerListener.log OS Name:               Linux
24-Apr-2026 16:49:54.967 INFO [main] org.apache.catalina.startup.VersionLoggerListener.log OS Version:            5.15.0-139-generic
24-Apr-2026 16:49:54.967 INFO [main] org.apache.catalina.startup.VersionLoggerListener.log Architecture:          amd64
24-Apr-2026 16:49:54.968 INFO [main] org.apache.catalina.startup.VersionLoggerListener.log Java Home:             /usr/lib/jvm/java-17-openjdk-amd64
24-Apr-2026 16:49:54.968 INFO [main] org.apache.catalina.startup.VersionLoggerListener.log JVM Version:           17.0.15+6-Ubuntu-0ubuntu120.04
24-Apr-2026 16:49:54.969 INFO [main] org.apache.catalina.startup.VersionLoggerListener.log JVM Vendor:            Ubuntu
24-Apr-2026 16:49:54.970 INFO [main] org.apache.catalina.startup.VersionLoggerListener.log CATALINA_BASE:         /home/moni/Desktop/tomcat1
24-Apr-2026 16:49:54.972 INFO [main] org.apache.catalina.startup.VersionLoggerListener.log CATALINA_HOME:         /home/moni/Desktop/tomcat1
24-Apr-2026 16:49:55.107 INFO [main] org.apache.catalina.startup.VersionLoggerListener.log Command line argument: --add-opens=java.base/java.lang=ALL-UNNAMED
24-Apr-2026 16:49:55.110 INFO [main] org.apache.catalina.startup.VersionLoggerListener.log Command line argument: --add-opens=java.base/java.io=ALL-UNNAMED
24-Apr-2026 16:49:55.111 INFO [main] org.apache.catalina.startup.VersionLoggerListener.log Command line argument: --add-opens=java.base/java.util=ALL-UNNAMED
24-Apr-2026 16:49:55.113 INFO [main] org.apache.catalina.startup.VersionLoggerListener.log Command line argument: --add-opens=java.base/java.util.concurrent=ALL-UNNAMED
24-Apr-2026 16:49:55.114 INFO [main] org.apache.catalina.startup.VersionLoggerListener.log Command line argument: --add-opens=java.rmi/sun.rmi.transport=ALL-UNNAMED
24-Apr-2026 16:49:55.116 INFO [main] org.apache.catalina.startup.VersionLoggerListener.log Command line argument: -Djava.util.logging.config.file=/home/moni/Desktop/tomcat1/conf/logging.properties
24-Apr-2026 16:49:55.121 INFO [main] org.apache.catalina.startup.VersionLoggerListener.log Command line argument: -Djava.util.logging.manager=org.apache.juli.ClassLoaderLogManager
24-Apr-2026 16:49:55.122 INFO [main] org.apache.catalina.startup.VersionLoggerListener.log Command line argument: -Djdk.tls.ephemeralDHKeySize=2048
24-Apr-2026 16:49:55.123 INFO [main] org.apache.catalina.startup.VersionLoggerListener.log Command line argument: -Djava.protocol.handler.pkgs=org.apache.catalina.webresources
24-Apr-2026 16:49:55.125 INFO [main] org.apache.catalina.startup.VersionLoggerListener.log Command line argument: -Dorg.apache.catalina.security.SecurityListener.UMASK=0027
24-Apr-2026 16:49:55.126 INFO [main] org.apache.catalina.startup.VersionLoggerListener.log Command line argument: -Dignore.endorsed.dirs=
24-Apr-2026 16:49:55.129 INFO [main] org.apache.catalina.startup.VersionLoggerListener.log Command line argument: -Dcatalina.base=/home/moni/Desktop/tomcat1
24-Apr-2026 16:49:55.131 INFO [main] org.apache.catalina.startup.VersionLoggerListener.log Command line argument: -Dcatalina.home=/home/moni/Desktop/tomcat1
24-Apr-2026 16:49:55.132 INFO [main] org.apache.catalina.startup.VersionLoggerListener.log Command line argument: -Djava.io.tmpdir=/home/moni/Desktop/tomcat1/temp
24-Apr-2026 16:49:55.157 INFO [main] org.apache.catalina.core.AprLifecycleListener.lifecycleEvent The Apache Tomcat Native library which allows using OpenSSL was not found on the java.library.path: [/usr/java/packages/lib:/usr/lib/x86_64-linux-gnu/jni:/lib/x86_64-linux-gnu:/usr/lib/x86_64-linux-gnu:/usr/lib/jni:/lib:/usr/lib]
24-Apr-2026 16:49:58.326 INFO [main] org.apache.coyote.AbstractProtocol.init Initializing ProtocolHandler ["http-nio-8081"]
24-Apr-2026 16:49:58.440 INFO [main] org.apache.catalina.startup.Catalina.load Server initialization in [4707] milliseconds
24-Apr-2026 16:49:58.691 INFO [main] org.apache.catalina.core.StandardService.startInternal Starting service [Catalina]
24-Apr-2026 16:49:58.692 INFO [main] org.apache.catalina.core.StandardEngine.startInternal Starting Servlet engine: [Apache Tomcat/9.0.85]
24-Apr-2026 16:49:58.775 INFO [main] org.apache.catalina.startup.HostConfig.deployWAR Deploying web application archive [/home/moni/Desktop/tomcat1/webapps/myapp.war]
24-Apr-2026 16:50:33.740 INFO [main] org.apache.jasper.servlet.TldScanner.scanJars At least one JAR was scanned for TLDs yet contained no TLDs. Enable debug logging for this logger for a complete list of JARs that were scanned but no TLDs were found in them. Skipping unneeded JARs during scanning can improve startup time and JSP compilation time.
24-Apr-2026 16:50:34.092 INFO [main] org.apache.catalina.startup.HostConfig.deployWAR Deployment of web application archive [/home/moni/Desktop/tomcat1/webapps/myapp.war] has finished in [35,308] ms
24-Apr-2026 16:50:34.097 INFO [main] org.apache.catalina.startup.HostConfig.deployDirectory Deploying web application directory [/home/moni/Desktop/tomcat1/webapps/examples]
24-Apr-2026 16:50:35.767 INFO [main] org.apache.catalina.startup.HostConfig.deployDirectory Deployment of web application directory [/home/moni/Desktop/tomcat1/webapps/examples] has finished in [1,670] ms
24-Apr-2026 16:50:35.769 INFO [main] org.apache.catalina.startup.HostConfig.deployDirectory Deploying web application directory [/home/moni/Desktop/tomcat1/webapps/ROOT]
24-Apr-2026 16:50:35.858 INFO [main] org.apache.catalina.startup.HostConfig.deployDirectory Deployment of web application directory [/home/moni/Desktop/tomcat1/webapps/ROOT] has finished in [89] ms
24-Apr-2026 16:50:35.859 INFO [main] org.apache.catalina.startup.HostConfig.deployDirectory Deploying web application directory [/home/moni/Desktop/tomcat1/webapps/host-manager]
24-Apr-2026 16:50:36.029 INFO [main] org.apache.catalina.startup.HostConfig.deployDirectory Deployment of web application directory [/home/moni/Desktop/tomcat1/webapps/host-manager] has finished in [170] ms
24-Apr-2026 16:50:36.030 INFO [main] org.apache.catalina.startup.HostConfig.deployDirectory Deploying web application directory [/home/moni/Desktop/tomcat1/webapps/manager]
24-Apr-2026 16:50:36.352 INFO [main] org.apache.catalina.startup.HostConfig.deployDirectory Deployment of web application directory [/home/moni/Desktop/tomcat1/webapps/manager] has finished in [321] ms
24-Apr-2026 16:50:36.353 INFO [main] org.apache.catalina.startup.HostConfig.deployDirectory Deploying web application directory [/home/moni/Desktop/tomcat1/webapps/docs]
24-Apr-2026 16:50:36.475 INFO [main] org.apache.catalina.startup.HostConfig.deployDirectory Deployment of web application directory [/home/moni/Desktop/tomcat1/webapps/docs] has finished in [120] ms
24-Apr-2026 16:50:36.528 INFO [main] org.apache.coyote.AbstractProtocol.start Starting ProtocolHandler ["http-nio-8081"]
24-Apr-2026 16:50:36.701 INFO [main] org.apache.catalina.startup.Catalina.start Server startup in [38260] milliseconds
24-Apr-2026 16:51:02.354 INFO [http-nio-8081-exec-3] org.apache.catalina.startup.HostConfig.deployWAR Deploying web application archive [/home/moni/Desktop/tomcat1/webapps/Amazon.war]
24-Apr-2026 16:51:22.710 INFO [http-nio-8081-exec-3] org.apache.jasper.servlet.TldScanner.scanJars At least one JAR was scanned for TLDs yet contained no TLDs. Enable debug logging for this logger for a complete list of JARs that were scanned but no TLDs were found in them. Skipping unneeded JARs during scanning can improve startup time and JSP compilation time.
24-Apr-2026 16:51:22.744 INFO [http-nio-8081-exec-3] org.apache.catalina.startup.HostConfig.deployWAR Deployment of web application archive [/home/moni/Desktop/tomcat1/webapps/Amazon.war] has finished in [20,389] ms
