13-Apr-2026 00:06:35.389 INFO [main] org.apache.catalina.startup.VersionLoggerListener.log Server version name:   Apache Tomcat/9.0.85
13-Apr-2026 00:06:35.401 INFO [main] org.apache.catalina.startup.VersionLoggerListener.log Server built:          Jan 5 2024 08:28:07 UTC
13-Apr-2026 00:06:35.402 INFO [main] org.apache.catalina.startup.VersionLoggerListener.log Server version number: 9.0.85.0
13-Apr-2026 00:06:35.402 INFO [main] org.apache.catalina.startup.VersionLoggerListener.log OS Name:               Linux
13-Apr-2026 00:06:35.403 INFO [main] org.apache.catalina.startup.VersionLoggerListener.log OS Version:            5.15.0-139-generic
13-Apr-2026 00:06:35.404 INFO [main] org.apache.catalina.startup.VersionLoggerListener.log Architecture:          amd64
13-Apr-2026 00:06:35.404 INFO [main] org.apache.catalina.startup.VersionLoggerListener.log Java Home:             /usr/lib/jvm/java-17-openjdk-amd64
13-Apr-2026 00:06:35.405 INFO [main] org.apache.catalina.startup.VersionLoggerListener.log JVM Version:           17.0.15+6-Ubuntu-0ubuntu120.04
13-Apr-2026 00:06:35.405 INFO [main] org.apache.catalina.startup.VersionLoggerListener.log JVM Vendor:            Ubuntu
13-Apr-2026 00:06:35.405 INFO [main] org.apache.catalina.startup.VersionLoggerListener.log CATALINA_BASE:         /home/moni/Desktop/apache-tomcat-9.0.85
13-Apr-2026 00:06:35.406 INFO [main] org.apache.catalina.startup.VersionLoggerListener.log CATALINA_HOME:         /home/moni/Desktop/apache-tomcat-9.0.85
13-Apr-2026 00:06:35.443 INFO [main] org.apache.catalina.startup.VersionLoggerListener.log Command line argument: --add-opens=java.base/java.lang=ALL-UNNAMED
13-Apr-2026 00:06:35.444 INFO [main] org.apache.catalina.startup.VersionLoggerListener.log Command line argument: --add-opens=java.base/java.io=ALL-UNNAMED
13-Apr-2026 00:06:35.445 INFO [main] org.apache.catalina.startup.VersionLoggerListener.log Command line argument: --add-opens=java.base/java.util=ALL-UNNAMED
13-Apr-2026 00:06:35.445 INFO [main] org.apache.catalina.startup.VersionLoggerListener.log Command line argument: --add-opens=java.base/java.util.concurrent=ALL-UNNAMED
13-Apr-2026 00:06:35.446 INFO [main] org.apache.catalina.startup.VersionLoggerListener.log Command line argument: --add-opens=java.rmi/sun.rmi.transport=ALL-UNNAMED
13-Apr-2026 00:06:35.446 INFO [main] org.apache.catalina.startup.VersionLoggerListener.log Command line argument: -Djava.util.logging.config.file=/home/moni/Desktop/apache-tomcat-9.0.85/conf/logging.properties
13-Apr-2026 00:06:35.447 INFO [main] org.apache.catalina.startup.VersionLoggerListener.log Command line argument: -Djava.util.logging.manager=org.apache.juli.ClassLoaderLogManager
13-Apr-2026 00:06:35.447 INFO [main] org.apache.catalina.startup.VersionLoggerListener.log Command line argument: -Djdk.tls.ephemeralDHKeySize=2048
13-Apr-2026 00:06:35.447 INFO [main] org.apache.catalina.startup.VersionLoggerListener.log Command line argument: -Djava.protocol.handler.pkgs=org.apache.catalina.webresources
13-Apr-2026 00:06:35.448 INFO [main] org.apache.catalina.startup.VersionLoggerListener.log Command line argument: -Dorg.apache.catalina.security.SecurityListener.UMASK=0027
13-Apr-2026 00:06:35.448 INFO [main] org.apache.catalina.startup.VersionLoggerListener.log Command line argument: -Dignore.endorsed.dirs=
13-Apr-2026 00:06:35.449 INFO [main] org.apache.catalina.startup.VersionLoggerListener.log Command line argument: -Dcatalina.base=/home/moni/Desktop/apache-tomcat-9.0.85
13-Apr-2026 00:06:35.449 INFO [main] org.apache.catalina.startup.VersionLoggerListener.log Command line argument: -Dcatalina.home=/home/moni/Desktop/apache-tomcat-9.0.85
13-Apr-2026 00:06:35.449 INFO [main] org.apache.catalina.startup.VersionLoggerListener.log Command line argument: -Djava.io.tmpdir=/home/moni/Desktop/apache-tomcat-9.0.85/temp
13-Apr-2026 00:06:35.455 INFO [main] org.apache.catalina.core.AprLifecycleListener.lifecycleEvent The Apache Tomcat Native library which allows using OpenSSL was not found on the java.library.path: [/usr/java/packages/lib:/usr/lib/x86_64-linux-gnu/jni:/lib/x86_64-linux-gnu:/usr/lib/x86_64-linux-gnu:/usr/lib/jni:/lib:/usr/lib]
13-Apr-2026 00:06:36.402 INFO [main] org.apache.coyote.AbstractProtocol.init Initializing ProtocolHandler ["http-nio-8080"]
13-Apr-2026 00:06:36.450 INFO [main] org.apache.catalina.startup.Catalina.load Server initialization in [1681] milliseconds
13-Apr-2026 00:06:36.545 INFO [main] org.apache.catalina.core.StandardService.startInternal Starting service [Catalina]
13-Apr-2026 00:06:36.545 INFO [main] org.apache.catalina.core.StandardEngine.startInternal Starting Servlet engine: [Apache Tomcat/9.0.85]
13-Apr-2026 00:06:36.579 INFO [main] org.apache.catalina.startup.HostConfig.deployWAR Deploying web application archive [/home/moni/Desktop/apache-tomcat-9.0.85/webapps/Amazon.war]
13-Apr-2026 00:06:44.232 INFO [main] org.apache.jasper.servlet.TldScanner.scanJars At least one JAR was scanned for TLDs yet contained no TLDs. Enable debug logging for this logger for a complete list of JARs that were scanned but no TLDs were found in them. Skipping unneeded JARs during scanning can improve startup time and JSP compilation time.
13-Apr-2026 00:06:44.305 INFO [main] org.apache.catalina.startup.HostConfig.deployWAR Deployment of web application archive [/home/moni/Desktop/apache-tomcat-9.0.85/webapps/Amazon.war] has finished in [7,725] ms
13-Apr-2026 00:06:44.307 INFO [main] org.apache.catalina.startup.HostConfig.deployDirectory Deploying web application directory [/home/moni/Desktop/apache-tomcat-9.0.85/webapps/examples]
13-Apr-2026 00:06:44.715 INFO [main] org.apache.catalina.startup.HostConfig.deployDirectory Deployment of web application directory [/home/moni/Desktop/apache-tomcat-9.0.85/webapps/examples] has finished in [407] ms
13-Apr-2026 00:06:44.716 INFO [main] org.apache.catalina.startup.HostConfig.deployDirectory Deploying web application directory [/home/moni/Desktop/apache-tomcat-9.0.85/webapps/ROOT]
13-Apr-2026 00:06:44.746 INFO [main] org.apache.catalina.startup.HostConfig.deployDirectory Deployment of web application directory [/home/moni/Desktop/apache-tomcat-9.0.85/webapps/ROOT] has finished in [30] ms
13-Apr-2026 00:06:44.746 INFO [main] org.apache.catalina.startup.HostConfig.deployDirectory Deploying web application directory [/home/moni/Desktop/apache-tomcat-9.0.85/webapps/host-manager]
13-Apr-2026 00:06:44.796 INFO [main] org.apache.catalina.startup.HostConfig.deployDirectory Deployment of web application directory [/home/moni/Desktop/apache-tomcat-9.0.85/webapps/host-manager] has finished in [49] ms
13-Apr-2026 00:06:44.796 INFO [main] org.apache.catalina.startup.HostConfig.deployDirectory Deploying web application directory [/home/moni/Desktop/apache-tomcat-9.0.85/webapps/manager]
13-Apr-2026 00:06:44.842 INFO [main] org.apache.catalina.startup.HostConfig.deployDirectory Deployment of web application directory [/home/moni/Desktop/apache-tomcat-9.0.85/webapps/manager] has finished in [45] ms
13-Apr-2026 00:06:44.842 INFO [main] org.apache.catalina.startup.HostConfig.deployDirectory Deploying web application directory [/home/moni/Desktop/apache-tomcat-9.0.85/webapps/docs]
13-Apr-2026 00:06:44.876 INFO [main] org.apache.catalina.startup.HostConfig.deployDirectory Deployment of web application directory [/home/moni/Desktop/apache-tomcat-9.0.85/webapps/docs] has finished in [34] ms
13-Apr-2026 00:06:44.885 INFO [main] org.apache.coyote.AbstractProtocol.start Starting ProtocolHandler ["http-nio-8080"]
13-Apr-2026 00:06:44.929 INFO [main] org.apache.catalina.startup.Catalina.start Server startup in [8478] milliseconds
13-Apr-2026 00:06:47.088 INFO [main] org.apache.catalina.startup.VersionLoggerListener.log Server version name:   Apache Tomcat/9.0.85
13-Apr-2026 00:06:47.101 INFO [main] org.apache.catalina.startup.VersionLoggerListener.log Server built:          Jan 5 2024 08:28:07 UTC
13-Apr-2026 00:06:47.101 INFO [main] org.apache.catalina.startup.VersionLoggerListener.log Server version number: 9.0.85.0
13-Apr-2026 00:06:47.101 INFO [main] org.apache.catalina.startup.VersionLoggerListener.log OS Name:               Linux
13-Apr-2026 00:06:47.101 INFO [main] org.apache.catalina.startup.VersionLoggerListener.log OS Version:            5.15.0-139-generic
13-Apr-2026 00:06:47.101 INFO [main] org.apache.catalina.startup.VersionLoggerListener.log Architecture:          amd64
13-Apr-2026 00:06:47.101 INFO [main] org.apache.catalina.startup.VersionLoggerListener.log Java Home:             /usr/lib/jvm/java-17-openjdk-amd64
13-Apr-2026 00:06:47.102 INFO [main] org.apache.catalina.startup.VersionLoggerListener.log JVM Version:           17.0.15+6-Ubuntu-0ubuntu120.04
13-Apr-2026 00:06:47.102 INFO [main] org.apache.catalina.startup.VersionLoggerListener.log JVM Vendor:            Ubuntu
13-Apr-2026 00:06:47.103 INFO [main] org.apache.catalina.startup.VersionLoggerListener.log CATALINA_BASE:         /home/moni/Desktop/apache-tomcat-9.0.85
13-Apr-2026 00:06:47.104 INFO [main] org.apache.catalina.startup.VersionLoggerListener.log CATALINA_HOME:         /home/moni/Desktop/apache-tomcat-9.0.85
13-Apr-2026 00:06:47.134 INFO [main] org.apache.catalina.startup.VersionLoggerListener.log Command line argument: --add-opens=java.base/java.lang=ALL-UNNAMED
13-Apr-2026 00:06:47.135 INFO [main] org.apache.catalina.startup.VersionLoggerListener.log Command line argument: --add-opens=java.base/java.io=ALL-UNNAMED
13-Apr-2026 00:06:47.135 INFO [main] org.apache.catalina.startup.VersionLoggerListener.log Command line argument: --add-opens=java.base/java.util=ALL-UNNAMED
13-Apr-2026 00:06:47.136 INFO [main] org.apache.catalina.startup.VersionLoggerListener.log Command line argument: --add-opens=java.base/java.util.concurrent=ALL-UNNAMED
13-Apr-2026 00:06:47.136 INFO [main] org.apache.catalina.startup.VersionLoggerListener.log Command line argument: --add-opens=java.rmi/sun.rmi.transport=ALL-UNNAMED
13-Apr-2026 00:06:47.136 INFO [main] org.apache.catalina.startup.VersionLoggerListener.log Command line argument: -Djava.util.logging.config.file=/home/moni/Desktop/apache-tomcat-9.0.85/conf/logging.properties
13-Apr-2026 00:06:47.138 INFO [main] org.apache.catalina.startup.VersionLoggerListener.log Command line argument: -Djava.util.logging.manager=org.apache.juli.ClassLoaderLogManager
13-Apr-2026 00:06:47.138 INFO [main] org.apache.catalina.startup.VersionLoggerListener.log Command line argument: -Djdk.tls.ephemeralDHKeySize=2048
13-Apr-2026 00:06:47.139 INFO [main] org.apache.catalina.startup.VersionLoggerListener.log Command line argument: -Djava.protocol.handler.pkgs=org.apache.catalina.webresources
13-Apr-2026 00:06:47.139 INFO [main] org.apache.catalina.startup.VersionLoggerListener.log Command line argument: -Dorg.apache.catalina.security.SecurityListener.UMASK=0027
13-Apr-2026 00:06:47.139 INFO [main] org.apache.catalina.startup.VersionLoggerListener.log Command line argument: -Dignore.endorsed.dirs=
13-Apr-2026 00:06:47.140 INFO [main] org.apache.catalina.startup.VersionLoggerListener.log Command line argument: -Dcatalina.base=/home/moni/Desktop/apache-tomcat-9.0.85
13-Apr-2026 00:06:47.140 INFO [main] org.apache.catalina.startup.VersionLoggerListener.log Command line argument: -Dcatalina.home=/home/moni/Desktop/apache-tomcat-9.0.85
13-Apr-2026 00:06:47.140 INFO [main] org.apache.catalina.startup.VersionLoggerListener.log Command line argument: -Djava.io.tmpdir=/home/moni/Desktop/apache-tomcat-9.0.85/temp
13-Apr-2026 00:06:47.149 INFO [main] org.apache.catalina.core.AprLifecycleListener.lifecycleEvent The Apache Tomcat Native library which allows using OpenSSL was not found on the java.library.path: [/usr/java/packages/lib:/usr/lib/x86_64-linux-gnu/jni:/lib/x86_64-linux-gnu:/usr/lib/x86_64-linux-gnu:/usr/lib/jni:/lib:/usr/lib]
13-Apr-2026 00:06:47.884 INFO [main] org.apache.coyote.AbstractProtocol.init Initializing ProtocolHandler ["http-nio-8080"]
13-Apr-2026 00:06:47.915 SEVERE [main] org.apache.catalina.util.LifecycleBase.handleSubClassException Failed to initialize component [Connector["http-nio-8080"]]
	org.apache.catalina.LifecycleException: Protocol handler initialization failed
		at org.apache.catalina.connector.Connector.initInternal(Connector.java:1011)
		at org.apache.catalina.util.LifecycleBase.init(LifecycleBase.java:127)
		at org.apache.catalina.core.StandardService.initInternal(StandardService.java:554)
		at org.apache.catalina.util.LifecycleBase.init(LifecycleBase.java:127)
		at org.apache.catalina.core.StandardServer.initInternal(StandardServer.java:1039)
		at org.apache.catalina.util.LifecycleBase.init(LifecycleBase.java:127)
		at org.apache.catalina.startup.Catalina.load(Catalina.java:724)
		at org.apache.catalina.startup.Catalina.load(Catalina.java:746)
		at java.base/jdk.internal.reflect.NativeMethodAccessorImpl.invoke0(Native Method)
		at java.base/jdk.internal.reflect.NativeMethodAccessorImpl.invoke(NativeMethodAccessorImpl.java:77)
		at java.base/jdk.internal.reflect.DelegatingMethodAccessorImpl.invoke(DelegatingMethodAccessorImpl.java:43)
		at java.base/java.lang.reflect.Method.invoke(Method.java:569)
		at org.apache.catalina.startup.Bootstrap.load(Bootstrap.java:307)
		at org.apache.catalina.startup.Bootstrap.main(Bootstrap.java:477)
	Caused by: java.net.BindException: Address already in use
		at java.base/sun.nio.ch.Net.bind0(Native Method)
		at java.base/sun.nio.ch.Net.bind(Net.java:555)
		at java.base/sun.nio.ch.ServerSocketChannelImpl.netBind(ServerSocketChannelImpl.java:337)
		at java.base/sun.nio.ch.ServerSocketChannelImpl.bind(ServerSocketChannelImpl.java:294)
		at org.apache.tomcat.util.net.NioEndpoint.initServerSocket(NioEndpoint.java:276)
		at org.apache.tomcat.util.net.NioEndpoint.bind(NioEndpoint.java:231)
		at org.apache.tomcat.util.net.AbstractEndpoint.bindWithCleanup(AbstractEndpoint.java:1332)
		at org.apache.tomcat.util.net.AbstractEndpoint.init(AbstractEndpoint.java:1345)
		at org.apache.coyote.AbstractProtocol.init(AbstractProtocol.java:654)
		at org.apache.coyote.http11.AbstractHttp11Protocol.init(AbstractHttp11Protocol.java:75)
		at org.apache.catalina.connector.Connector.initInternal(Connector.java:1009)
		... 13 more
13-Apr-2026 00:06:47.919 INFO [main] org.apache.catalina.startup.Catalina.load Server initialization in [1300] milliseconds
13-Apr-2026 00:06:48.005 INFO [main] org.apache.catalina.core.StandardService.startInternal Starting service [Catalina]
13-Apr-2026 00:06:48.005 INFO [main] org.apache.catalina.core.StandardEngine.startInternal Starting Servlet engine: [Apache Tomcat/9.0.85]
13-Apr-2026 00:06:48.036 INFO [main] org.apache.catalina.startup.HostConfig.deployWAR Deploying web application archive [/home/moni/Desktop/apache-tomcat-9.0.85/webapps/Amazon.war]
13-Apr-2026 00:06:54.652 INFO [main] org.apache.jasper.servlet.TldScanner.scanJars At least one JAR was scanned for TLDs yet contained no TLDs. Enable debug logging for this logger for a complete list of JARs that were scanned but no TLDs were found in them. Skipping unneeded JARs during scanning can improve startup time and JSP compilation time.
13-Apr-2026 00:06:54.725 INFO [main] org.apache.catalina.startup.HostConfig.deployWAR Deployment of web application archive [/home/moni/Desktop/apache-tomcat-9.0.85/webapps/Amazon.war] has finished in [6,688] ms
13-Apr-2026 00:06:54.726 INFO [main] org.apache.catalina.startup.HostConfig.deployDirectory Deploying web application directory [/home/moni/Desktop/apache-tomcat-9.0.85/webapps/examples]
13-Apr-2026 00:06:55.107 INFO [main] org.apache.catalina.startup.HostConfig.deployDirectory Deployment of web application directory [/home/moni/Desktop/apache-tomcat-9.0.85/webapps/examples] has finished in [381] ms
13-Apr-2026 00:06:55.108 INFO [main] org.apache.catalina.startup.HostConfig.deployDirectory Deploying web application directory [/home/moni/Desktop/apache-tomcat-9.0.85/webapps/ROOT]
13-Apr-2026 00:06:55.147 INFO [main] org.apache.catalina.startup.HostConfig.deployDirectory Deployment of web application directory [/home/moni/Desktop/apache-tomcat-9.0.85/webapps/ROOT] has finished in [38] ms
13-Apr-2026 00:06:55.148 INFO [main] org.apache.catalina.startup.HostConfig.deployDirectory Deploying web application directory [/home/moni/Desktop/apache-tomcat-9.0.85/webapps/host-manager]
13-Apr-2026 00:06:55.206 INFO [main] org.apache.catalina.startup.HostConfig.deployDirectory Deployment of web application directory [/home/moni/Desktop/apache-tomcat-9.0.85/webapps/host-manager] has finished in [58] ms
13-Apr-2026 00:06:55.206 INFO [main] org.apache.catalina.startup.HostConfig.deployDirectory Deploying web application directory [/home/moni/Desktop/apache-tomcat-9.0.85/webapps/manager]
13-Apr-2026 00:06:55.251 INFO [main] org.apache.catalina.startup.HostConfig.deployDirectory Deployment of web application directory [/home/moni/Desktop/apache-tomcat-9.0.85/webapps/manager] has finished in [45] ms
13-Apr-2026 00:06:55.252 INFO [main] org.apache.catalina.startup.HostConfig.deployDirectory Deploying web application directory [/home/moni/Desktop/apache-tomcat-9.0.85/webapps/docs]
13-Apr-2026 00:06:55.296 INFO [main] org.apache.catalina.startup.HostConfig.deployDirectory Deployment of web application directory [/home/moni/Desktop/apache-tomcat-9.0.85/webapps/docs] has finished in [44] ms
13-Apr-2026 00:06:55.317 INFO [main] org.apache.catalina.startup.Catalina.start Server startup in [7397] milliseconds
13-Apr-2026 00:06:55.331 SEVERE [main] org.apache.catalina.core.StandardServer.await Failed to create server shutdown socket on address [localhost] and port [8005] (base port [8005] and offset [0])
	java.net.BindException: Address already in use
		at java.base/sun.nio.ch.Net.bind0(Native Method)
		at java.base/sun.nio.ch.Net.bind(Net.java:555)
		at java.base/sun.nio.ch.Net.bind(Net.java:544)
		at java.base/sun.nio.ch.NioSocketImpl.bind(NioSocketImpl.java:648)
		at java.base/java.net.ServerSocket.bind(ServerSocket.java:388)
		at java.base/java.net.ServerSocket.<init>(ServerSocket.java:274)
		at org.apache.catalina.core.StandardServer.await(StandardServer.java:581)
		at org.apache.catalina.startup.Catalina.await(Catalina.java:864)
		at org.apache.catalina.startup.Catalina.start(Catalina.java:810)
		at java.base/jdk.internal.reflect.NativeMethodAccessorImpl.invoke0(Native Method)
		at java.base/jdk.internal.reflect.NativeMethodAccessorImpl.invoke(NativeMethodAccessorImpl.java:77)
		at java.base/jdk.internal.reflect.DelegatingMethodAccessorImpl.invoke(DelegatingMethodAccessorImpl.java:43)
		at java.base/java.lang.reflect.Method.invoke(Method.java:569)
		at org.apache.catalina.startup.Bootstrap.start(Bootstrap.java:347)
		at org.apache.catalina.startup.Bootstrap.main(Bootstrap.java:478)
13-Apr-2026 00:06:55.333 INFO [main] org.apache.coyote.AbstractProtocol.pause Pausing ProtocolHandler ["http-nio-8080"]
13-Apr-2026 00:06:55.334 INFO [main] org.apache.catalina.core.StandardService.stopInternal Stopping service [Catalina]
13-Apr-2026 00:06:55.395 INFO [main] org.apache.coyote.AbstractProtocol.stop Stopping ProtocolHandler ["http-nio-8080"]
13-Apr-2026 00:06:55.400 INFO [main] org.apache.coyote.AbstractProtocol.destroy Destroying ProtocolHandler ["http-nio-8080"]
13-Apr-2026 00:40:06.186 INFO [main] org.apache.catalina.startup.VersionLoggerListener.log Server version name:   Apache Tomcat/9.0.85
13-Apr-2026 00:40:06.206 INFO [main] org.apache.catalina.startup.VersionLoggerListener.log Server built:          Jan 5 2024 08:28:07 UTC
13-Apr-2026 00:40:06.208 INFO [main] org.apache.catalina.startup.VersionLoggerListener.log Server version number: 9.0.85.0
13-Apr-2026 00:40:06.208 INFO [main] org.apache.catalina.startup.VersionLoggerListener.log OS Name:               Linux
13-Apr-2026 00:40:06.209 INFO [main] org.apache.catalina.startup.VersionLoggerListener.log OS Version:            5.15.0-139-generic
13-Apr-2026 00:40:06.209 INFO [main] org.apache.catalina.startup.VersionLoggerListener.log Architecture:          amd64
13-Apr-2026 00:40:06.210 INFO [main] org.apache.catalina.startup.VersionLoggerListener.log Java Home:             /usr/lib/jvm/java-17-openjdk-amd64
13-Apr-2026 00:40:06.210 INFO [main] org.apache.catalina.startup.VersionLoggerListener.log JVM Version:           17.0.15+6-Ubuntu-0ubuntu120.04
13-Apr-2026 00:40:06.211 INFO [main] org.apache.catalina.startup.VersionLoggerListener.log JVM Vendor:            Ubuntu
13-Apr-2026 00:40:06.211 INFO [main] org.apache.catalina.startup.VersionLoggerListener.log CATALINA_BASE:         /home/moni/Desktop/apache-tomcat-9.0.85
13-Apr-2026 00:40:06.212 INFO [main] org.apache.catalina.startup.VersionLoggerListener.log CATALINA_HOME:         /home/moni/Desktop/apache-tomcat-9.0.85
13-Apr-2026 00:40:06.257 INFO [main] org.apache.catalina.startup.VersionLoggerListener.log Command line argument: --add-opens=java.base/java.lang=ALL-UNNAMED
13-Apr-2026 00:40:06.257 INFO [main] org.apache.catalina.startup.VersionLoggerListener.log Command line argument: --add-opens=java.base/java.io=ALL-UNNAMED
13-Apr-2026 00:40:06.258 INFO [main] org.apache.catalina.startup.VersionLoggerListener.log Command line argument: --add-opens=java.base/java.util=ALL-UNNAMED
13-Apr-2026 00:40:06.258 INFO [main] org.apache.catalina.startup.VersionLoggerListener.log Command line argument: --add-opens=java.base/java.util.concurrent=ALL-UNNAMED
13-Apr-2026 00:40:06.259 INFO [main] org.apache.catalina.startup.VersionLoggerListener.log Command line argument: --add-opens=java.rmi/sun.rmi.transport=ALL-UNNAMED
13-Apr-2026 00:40:06.260 INFO [main] org.apache.catalina.startup.VersionLoggerListener.log Command line argument: -Djava.util.logging.config.file=/home/moni/Desktop/apache-tomcat-9.0.85/conf/logging.properties
13-Apr-2026 00:40:06.261 INFO [main] org.apache.catalina.startup.VersionLoggerListener.log Command line argument: -Djava.util.logging.manager=org.apache.juli.ClassLoaderLogManager
13-Apr-2026 00:40:06.261 INFO [main] org.apache.catalina.startup.VersionLoggerListener.log Command line argument: -Djdk.tls.ephemeralDHKeySize=2048
13-Apr-2026 00:40:06.261 INFO [main] org.apache.catalina.startup.VersionLoggerListener.log Command line argument: -Djava.protocol.handler.pkgs=org.apache.catalina.webresources
13-Apr-2026 00:40:06.262 INFO [main] org.apache.catalina.startup.VersionLoggerListener.log Command line argument: -Dorg.apache.catalina.security.SecurityListener.UMASK=0027
13-Apr-2026 00:40:06.262 INFO [main] org.apache.catalina.startup.VersionLoggerListener.log Command line argument: -Dignore.endorsed.dirs=
13-Apr-2026 00:40:06.263 INFO [main] org.apache.catalina.startup.VersionLoggerListener.log Command line argument: -Dcatalina.base=/home/moni/Desktop/apache-tomcat-9.0.85
13-Apr-2026 00:40:06.263 INFO [main] org.apache.catalina.startup.VersionLoggerListener.log Command line argument: -Dcatalina.home=/home/moni/Desktop/apache-tomcat-9.0.85
13-Apr-2026 00:40:06.263 INFO [main] org.apache.catalina.startup.VersionLoggerListener.log Command line argument: -Djava.io.tmpdir=/home/moni/Desktop/apache-tomcat-9.0.85/temp
13-Apr-2026 00:40:06.276 INFO [main] org.apache.catalina.core.AprLifecycleListener.lifecycleEvent The Apache Tomcat Native library which allows using OpenSSL was not found on the java.library.path: [/usr/java/packages/lib:/usr/lib/x86_64-linux-gnu/jni:/lib/x86_64-linux-gnu:/usr/lib/x86_64-linux-gnu:/usr/lib/jni:/lib:/usr/lib]
13-Apr-2026 00:40:07.679 INFO [main] org.apache.coyote.AbstractProtocol.init Initializing ProtocolHandler ["http-nio-8080"]
13-Apr-2026 00:40:07.753 SEVERE [main] org.apache.catalina.util.LifecycleBase.handleSubClassException Failed to initialize component [Connector["http-nio-8080"]]
	org.apache.catalina.LifecycleException: Protocol handler initialization failed
		at org.apache.catalina.connector.Connector.initInternal(Connector.java:1011)
		at org.apache.catalina.util.LifecycleBase.init(LifecycleBase.java:127)
		at org.apache.catalina.core.StandardService.initInternal(StandardService.java:554)
		at org.apache.catalina.util.LifecycleBase.init(LifecycleBase.java:127)
		at org.apache.catalina.core.StandardServer.initInternal(StandardServer.java:1039)
		at org.apache.catalina.util.LifecycleBase.init(LifecycleBase.java:127)
		at org.apache.catalina.startup.Catalina.load(Catalina.java:724)
		at org.apache.catalina.startup.Catalina.load(Catalina.java:746)
		at java.base/jdk.internal.reflect.NativeMethodAccessorImpl.invoke0(Native Method)
		at java.base/jdk.internal.reflect.NativeMethodAccessorImpl.invoke(NativeMethodAccessorImpl.java:77)
		at java.base/jdk.internal.reflect.DelegatingMethodAccessorImpl.invoke(DelegatingMethodAccessorImpl.java:43)
		at java.base/java.lang.reflect.Method.invoke(Method.java:569)
		at org.apache.catalina.startup.Bootstrap.load(Bootstrap.java:307)
		at org.apache.catalina.startup.Bootstrap.main(Bootstrap.java:477)
	Caused by: java.net.BindException: Address already in use
		at java.base/sun.nio.ch.Net.bind0(Native Method)
		at java.base/sun.nio.ch.Net.bind(Net.java:555)
		at java.base/sun.nio.ch.ServerSocketChannelImpl.netBind(ServerSocketChannelImpl.java:337)
		at java.base/sun.nio.ch.ServerSocketChannelImpl.bind(ServerSocketChannelImpl.java:294)
		at org.apache.tomcat.util.net.NioEndpoint.initServerSocket(NioEndpoint.java:276)
		at org.apache.tomcat.util.net.NioEndpoint.bind(NioEndpoint.java:231)
		at org.apache.tomcat.util.net.AbstractEndpoint.bindWithCleanup(AbstractEndpoint.java:1332)
		at org.apache.tomcat.util.net.AbstractEndpoint.init(AbstractEndpoint.java:1345)
		at org.apache.coyote.AbstractProtocol.init(AbstractProtocol.java:654)
		at org.apache.coyote.http11.AbstractHttp11Protocol.init(AbstractHttp11Protocol.java:75)
		at org.apache.catalina.connector.Connector.initInternal(Connector.java:1009)
		... 13 more
13-Apr-2026 00:40:07.756 INFO [main] org.apache.catalina.startup.Catalina.load Server initialization in [2597] milliseconds
13-Apr-2026 00:40:07.913 INFO [main] org.apache.catalina.core.StandardService.startInternal Starting service [Catalina]
13-Apr-2026 00:40:07.914 INFO [main] org.apache.catalina.core.StandardEngine.startInternal Starting Servlet engine: [Apache Tomcat/9.0.85]
13-Apr-2026 00:40:07.978 INFO [main] org.apache.catalina.startup.HostConfig.deployWAR Deploying web application archive [/home/moni/Desktop/apache-tomcat-9.0.85/webapps/Amazon.war]
13-Apr-2026 00:40:09.387 INFO [main] org.apache.catalina.startup.VersionLoggerListener.log Server version name:   Apache Tomcat/9.0.85
13-Apr-2026 00:40:09.430 INFO [main] org.apache.catalina.startup.VersionLoggerListener.log Server built:          Jan 5 2024 08:28:07 UTC
13-Apr-2026 00:40:09.431 INFO [main] org.apache.catalina.startup.VersionLoggerListener.log Server version number: 9.0.85.0
13-Apr-2026 00:40:09.432 INFO [main] org.apache.catalina.startup.VersionLoggerListener.log OS Name:               Linux
13-Apr-2026 00:40:09.433 INFO [main] org.apache.catalina.startup.VersionLoggerListener.log OS Version:            5.15.0-139-generic
13-Apr-2026 00:40:09.433 INFO [main] org.apache.catalina.startup.VersionLoggerListener.log Architecture:          amd64
13-Apr-2026 00:40:09.434 INFO [main] org.apache.catalina.startup.VersionLoggerListener.log Java Home:             /usr/lib/jvm/java-17-openjdk-amd64
13-Apr-2026 00:40:09.434 INFO [main] org.apache.catalina.startup.VersionLoggerListener.log JVM Version:           17.0.15+6-Ubuntu-0ubuntu120.04
13-Apr-2026 00:40:09.435 INFO [main] org.apache.catalina.startup.VersionLoggerListener.log JVM Vendor:            Ubuntu
13-Apr-2026 00:40:09.436 INFO [main] org.apache.catalina.startup.VersionLoggerListener.log CATALINA_BASE:         /home/moni/Desktop/apache-tomcat-9.0.85
13-Apr-2026 00:40:09.436 INFO [main] org.apache.catalina.startup.VersionLoggerListener.log CATALINA_HOME:         /home/moni/Desktop/apache-tomcat-9.0.85
13-Apr-2026 00:40:09.470 INFO [main] org.apache.catalina.startup.VersionLoggerListener.log Command line argument: --add-opens=java.base/java.lang=ALL-UNNAMED
13-Apr-2026 00:40:09.471 INFO [main] org.apache.catalina.startup.VersionLoggerListener.log Command line argument: --add-opens=java.base/java.io=ALL-UNNAMED
13-Apr-2026 00:40:09.472 INFO [main] org.apache.catalina.startup.VersionLoggerListener.log Command line argument: --add-opens=java.base/java.util=ALL-UNNAMED
13-Apr-2026 00:40:09.473 INFO [main] org.apache.catalina.startup.VersionLoggerListener.log Command line argument: --add-opens=java.base/java.util.concurrent=ALL-UNNAMED
13-Apr-2026 00:40:09.474 INFO [main] org.apache.catalina.startup.VersionLoggerListener.log Command line argument: --add-opens=java.rmi/sun.rmi.transport=ALL-UNNAMED
13-Apr-2026 00:40:09.475 INFO [main] org.apache.catalina.startup.VersionLoggerListener.log Command line argument: -Djava.util.logging.config.file=/home/moni/Desktop/apache-tomcat-9.0.85/conf/logging.properties
13-Apr-2026 00:40:09.476 INFO [main] org.apache.catalina.startup.VersionLoggerListener.log Command line argument: -Djava.util.logging.manager=org.apache.juli.ClassLoaderLogManager
13-Apr-2026 00:40:09.477 INFO [main] org.apache.catalina.startup.VersionLoggerListener.log Command line argument: -Djdk.tls.ephemeralDHKeySize=2048
13-Apr-2026 00:40:09.477 INFO [main] org.apache.catalina.startup.VersionLoggerListener.log Command line argument: -Djava.protocol.handler.pkgs=org.apache.catalina.webresources
13-Apr-2026 00:40:09.477 INFO [main] org.apache.catalina.startup.VersionLoggerListener.log Command line argument: -Dorg.apache.catalina.security.SecurityListener.UMASK=0027
13-Apr-2026 00:40:09.479 INFO [main] org.apache.catalina.startup.VersionLoggerListener.log Command line argument: -Dignore.endorsed.dirs=
13-Apr-2026 00:40:09.480 INFO [main] org.apache.catalina.startup.VersionLoggerListener.log Command line argument: -Dcatalina.base=/home/moni/Desktop/apache-tomcat-9.0.85
13-Apr-2026 00:40:09.480 INFO [main] org.apache.catalina.startup.VersionLoggerListener.log Command line argument: -Dcatalina.home=/home/moni/Desktop/apache-tomcat-9.0.85
13-Apr-2026 00:40:09.481 INFO [main] org.apache.catalina.startup.VersionLoggerListener.log Command line argument: -Djava.io.tmpdir=/home/moni/Desktop/apache-tomcat-9.0.85/temp
13-Apr-2026 00:40:09.490 INFO [main] org.apache.catalina.core.AprLifecycleListener.lifecycleEvent The Apache Tomcat Native library which allows using OpenSSL was not found on the java.library.path: [/usr/java/packages/lib:/usr/lib/x86_64-linux-gnu/jni:/lib/x86_64-linux-gnu:/usr/lib/x86_64-linux-gnu:/usr/lib/jni:/lib:/usr/lib]
13-Apr-2026 00:40:10.933 INFO [main] org.apache.coyote.AbstractProtocol.init Initializing ProtocolHandler ["http-nio-8080"]
13-Apr-2026 00:40:10.995 SEVERE [main] org.apache.catalina.util.LifecycleBase.handleSubClassException Failed to initialize component [Connector["http-nio-8080"]]
	org.apache.catalina.LifecycleException: Protocol handler initialization failed
		at org.apache.catalina.connector.Connector.initInternal(Connector.java:1011)
		at org.apache.catalina.util.LifecycleBase.init(LifecycleBase.java:127)
		at org.apache.catalina.core.StandardService.initInternal(StandardService.java:554)
		at org.apache.catalina.util.LifecycleBase.init(LifecycleBase.java:127)
		at org.apache.catalina.core.StandardServer.initInternal(StandardServer.java:1039)
		at org.apache.catalina.util.LifecycleBase.init(LifecycleBase.java:127)
		at org.apache.catalina.startup.Catalina.load(Catalina.java:724)
		at org.apache.catalina.startup.Catalina.load(Catalina.java:746)
		at java.base/jdk.internal.reflect.NativeMethodAccessorImpl.invoke0(Native Method)
		at java.base/jdk.internal.reflect.NativeMethodAccessorImpl.invoke(NativeMethodAccessorImpl.java:77)
		at java.base/jdk.internal.reflect.DelegatingMethodAccessorImpl.invoke(DelegatingMethodAccessorImpl.java:43)
		at java.base/java.lang.reflect.Method.invoke(Method.java:569)
		at org.apache.catalina.startup.Bootstrap.load(Bootstrap.java:307)
		at org.apache.catalina.startup.Bootstrap.main(Bootstrap.java:477)
	Caused by: java.net.BindException: Address already in use
		at java.base/sun.nio.ch.Net.bind0(Native Method)
		at java.base/sun.nio.ch.Net.bind(Net.java:555)
		at java.base/sun.nio.ch.ServerSocketChannelImpl.netBind(ServerSocketChannelImpl.java:337)
		at java.base/sun.nio.ch.ServerSocketChannelImpl.bind(ServerSocketChannelImpl.java:294)
		at org.apache.tomcat.util.net.NioEndpoint.initServerSocket(NioEndpoint.java:276)
		at org.apache.tomcat.util.net.NioEndpoint.bind(NioEndpoint.java:231)
		at org.apache.tomcat.util.net.AbstractEndpoint.bindWithCleanup(AbstractEndpoint.java:1332)
		at org.apache.tomcat.util.net.AbstractEndpoint.init(AbstractEndpoint.java:1345)
		at org.apache.coyote.AbstractProtocol.init(AbstractProtocol.java:654)
		at org.apache.coyote.http11.AbstractHttp11Protocol.init(AbstractHttp11Protocol.java:75)
		at org.apache.catalina.connector.Connector.initInternal(Connector.java:1009)
		... 13 more
13-Apr-2026 00:40:11.000 INFO [main] org.apache.catalina.startup.Catalina.load Server initialization in [2537] milliseconds
13-Apr-2026 00:40:11.127 INFO [main] org.apache.catalina.core.StandardService.startInternal Starting service [Catalina]
13-Apr-2026 00:40:11.128 INFO [main] org.apache.catalina.core.StandardEngine.startInternal Starting Servlet engine: [Apache Tomcat/9.0.85]
13-Apr-2026 00:40:11.168 INFO [main] org.apache.catalina.startup.HostConfig.deployWAR Deploying web application archive [/home/moni/Desktop/apache-tomcat-9.0.85/webapps/Amazon.war]
13-Apr-2026 00:40:19.438 INFO [main] org.apache.jasper.servlet.TldScanner.scanJars At least one JAR was scanned for TLDs yet contained no TLDs. Enable debug logging for this logger for a complete list of JARs that were scanned but no TLDs were found in them. Skipping unneeded JARs during scanning can improve startup time and JSP compilation time.
13-Apr-2026 00:40:19.533 INFO [main] org.apache.catalina.startup.HostConfig.deployWAR Deployment of web application archive [/home/moni/Desktop/apache-tomcat-9.0.85/webapps/Amazon.war] has finished in [11,553] ms
13-Apr-2026 00:40:19.534 INFO [main] org.apache.catalina.startup.HostConfig.deployDirectory Deploying web application directory [/home/moni/Desktop/apache-tomcat-9.0.85/webapps/examples]
13-Apr-2026 00:40:20.125 INFO [main] org.apache.catalina.startup.HostConfig.deployDirectory Deployment of web application directory [/home/moni/Desktop/apache-tomcat-9.0.85/webapps/examples] has finished in [591] ms
13-Apr-2026 00:40:20.126 INFO [main] org.apache.catalina.startup.HostConfig.deployDirectory Deploying web application directory [/home/moni/Desktop/apache-tomcat-9.0.85/webapps/ROOT]
13-Apr-2026 00:40:20.166 INFO [main] org.apache.catalina.startup.HostConfig.deployDirectory Deployment of web application directory [/home/moni/Desktop/apache-tomcat-9.0.85/webapps/ROOT] has finished in [40] ms
13-Apr-2026 00:40:20.167 INFO [main] org.apache.catalina.startup.HostConfig.deployDirectory Deploying web application directory [/home/moni/Desktop/apache-tomcat-9.0.85/webapps/host-manager]
13-Apr-2026 00:40:20.238 INFO [main] org.apache.catalina.startup.HostConfig.deployDirectory Deployment of web application directory [/home/moni/Desktop/apache-tomcat-9.0.85/webapps/host-manager] has finished in [71] ms
13-Apr-2026 00:40:20.240 INFO [main] org.apache.catalina.startup.HostConfig.deployDirectory Deploying web application directory [/home/moni/Desktop/apache-tomcat-9.0.85/webapps/manager]
13-Apr-2026 00:40:20.297 INFO [main] org.apache.catalina.startup.HostConfig.deployDirectory Deployment of web application directory [/home/moni/Desktop/apache-tomcat-9.0.85/webapps/manager] has finished in [57] ms
13-Apr-2026 00:40:20.298 INFO [main] org.apache.catalina.startup.HostConfig.deployDirectory Deploying web application directory [/home/moni/Desktop/apache-tomcat-9.0.85/webapps/docs]
13-Apr-2026 00:40:20.338 INFO [main] org.apache.catalina.startup.HostConfig.deployDirectory Deployment of web application directory [/home/moni/Desktop/apache-tomcat-9.0.85/webapps/docs] has finished in [40] ms
13-Apr-2026 00:40:20.355 INFO [main] org.apache.catalina.startup.Catalina.start Server startup in [12598] milliseconds
13-Apr-2026 00:40:20.377 SEVERE [main] org.apache.catalina.core.StandardServer.await Failed to create server shutdown socket on address [localhost] and port [8005] (base port [8005] and offset [0])
	java.net.BindException: Address already in use
		at java.base/sun.nio.ch.Net.bind0(Native Method)
		at java.base/sun.nio.ch.Net.bind(Net.java:555)
		at java.base/sun.nio.ch.Net.bind(Net.java:544)
		at java.base/sun.nio.ch.NioSocketImpl.bind(NioSocketImpl.java:648)
		at java.base/java.net.ServerSocket.bind(ServerSocket.java:388)
		at java.base/java.net.ServerSocket.<init>(ServerSocket.java:274)
		at org.apache.catalina.core.StandardServer.await(StandardServer.java:581)
		at org.apache.catalina.startup.Catalina.await(Catalina.java:864)
		at org.apache.catalina.startup.Catalina.start(Catalina.java:810)
		at java.base/jdk.internal.reflect.NativeMethodAccessorImpl.invoke0(Native Method)
		at java.base/jdk.internal.reflect.NativeMethodAccessorImpl.invoke(NativeMethodAccessorImpl.java:77)
		at java.base/jdk.internal.reflect.DelegatingMethodAccessorImpl.invoke(DelegatingMethodAccessorImpl.java:43)
		at java.base/java.lang.reflect.Method.invoke(Method.java:569)
		at org.apache.catalina.startup.Bootstrap.start(Bootstrap.java:347)
		at org.apache.catalina.startup.Bootstrap.main(Bootstrap.java:478)
13-Apr-2026 00:40:20.379 INFO [main] org.apache.coyote.AbstractProtocol.pause Pausing ProtocolHandler ["http-nio-8080"]
13-Apr-2026 00:40:20.380 INFO [main] org.apache.catalina.core.StandardService.stopInternal Stopping service [Catalina]
13-Apr-2026 00:40:20.453 INFO [main] org.apache.coyote.AbstractProtocol.stop Stopping ProtocolHandler ["http-nio-8080"]
13-Apr-2026 00:40:20.459 INFO [main] org.apache.coyote.AbstractProtocol.destroy Destroying ProtocolHandler ["http-nio-8080"]
13-Apr-2026 00:40:20.995 INFO [main] org.apache.jasper.servlet.TldScanner.scanJars At least one JAR was scanned for TLDs yet contained no TLDs. Enable debug logging for this logger for a complete list of JARs that were scanned but no TLDs were found in them. Skipping unneeded JARs during scanning can improve startup time and JSP compilation time.
13-Apr-2026 00:40:21.056 INFO [main] org.apache.catalina.startup.HostConfig.deployWAR Deployment of web application archive [/home/moni/Desktop/apache-tomcat-9.0.85/webapps/Amazon.war] has finished in [9,886] ms
13-Apr-2026 00:40:21.058 INFO [main] org.apache.catalina.startup.HostConfig.deployDirectory Deploying web application directory [/home/moni/Desktop/apache-tomcat-9.0.85/webapps/examples]
13-Apr-2026 00:40:21.424 INFO [main] org.apache.catalina.startup.HostConfig.deployDirectory Deployment of web application directory [/home/moni/Desktop/apache-tomcat-9.0.85/webapps/examples] has finished in [365] ms
13-Apr-2026 00:40:21.425 INFO [main] org.apache.catalina.startup.HostConfig.deployDirectory Deploying web application directory [/home/moni/Desktop/apache-tomcat-9.0.85/webapps/ROOT]
13-Apr-2026 00:40:21.458 INFO [main] org.apache.catalina.startup.HostConfig.deployDirectory Deployment of web application directory [/home/moni/Desktop/apache-tomcat-9.0.85/webapps/ROOT] has finished in [34] ms
13-Apr-2026 00:40:21.459 INFO [main] org.apache.catalina.startup.HostConfig.deployDirectory Deploying web application directory [/home/moni/Desktop/apache-tomcat-9.0.85/webapps/host-manager]
13-Apr-2026 00:40:21.513 INFO [main] org.apache.catalina.startup.HostConfig.deployDirectory Deployment of web application directory [/home/moni/Desktop/apache-tomcat-9.0.85/webapps/host-manager] has finished in [54] ms
13-Apr-2026 00:40:21.514 INFO [main] org.apache.catalina.startup.HostConfig.deployDirectory Deploying web application directory [/home/moni/Desktop/apache-tomcat-9.0.85/webapps/manager]
13-Apr-2026 00:40:21.561 INFO [main] org.apache.catalina.startup.HostConfig.deployDirectory Deployment of web application directory [/home/moni/Desktop/apache-tomcat-9.0.85/webapps/manager] has finished in [47] ms
13-Apr-2026 00:40:21.562 INFO [main] org.apache.catalina.startup.HostConfig.deployDirectory Deploying web application directory [/home/moni/Desktop/apache-tomcat-9.0.85/webapps/docs]
13-Apr-2026 00:40:21.607 INFO [main] org.apache.catalina.startup.HostConfig.deployDirectory Deployment of web application directory [/home/moni/Desktop/apache-tomcat-9.0.85/webapps/docs] has finished in [46] ms
13-Apr-2026 00:40:21.618 INFO [main] org.apache.catalina.startup.Catalina.start Server startup in [10617] milliseconds
13-Apr-2026 00:40:21.628 SEVERE [main] org.apache.catalina.core.StandardServer.await Failed to create server shutdown socket on address [localhost] and port [8005] (base port [8005] and offset [0])
	java.net.BindException: Address already in use
		at java.base/sun.nio.ch.Net.bind0(Native Method)
		at java.base/sun.nio.ch.Net.bind(Net.java:555)
		at java.base/sun.nio.ch.Net.bind(Net.java:544)
		at java.base/sun.nio.ch.NioSocketImpl.bind(NioSocketImpl.java:648)
		at java.base/java.net.ServerSocket.bind(ServerSocket.java:388)
		at java.base/java.net.ServerSocket.<init>(ServerSocket.java:274)
		at org.apache.catalina.core.StandardServer.await(StandardServer.java:581)
		at org.apache.catalina.startup.Catalina.await(Catalina.java:864)
		at org.apache.catalina.startup.Catalina.start(Catalina.java:810)
		at java.base/jdk.internal.reflect.NativeMethodAccessorImpl.invoke0(Native Method)
		at java.base/jdk.internal.reflect.NativeMethodAccessorImpl.invoke(NativeMethodAccessorImpl.java:77)
		at java.base/jdk.internal.reflect.DelegatingMethodAccessorImpl.invoke(DelegatingMethodAccessorImpl.java:43)
		at java.base/java.lang.reflect.Method.invoke(Method.java:569)
		at org.apache.catalina.startup.Bootstrap.start(Bootstrap.java:347)
		at org.apache.catalina.startup.Bootstrap.main(Bootstrap.java:478)
13-Apr-2026 00:40:21.630 INFO [main] org.apache.coyote.AbstractProtocol.pause Pausing ProtocolHandler ["http-nio-8080"]
13-Apr-2026 00:40:21.630 INFO [main] org.apache.catalina.core.StandardService.stopInternal Stopping service [Catalina]
13-Apr-2026 00:40:21.688 INFO [main] org.apache.coyote.AbstractProtocol.stop Stopping ProtocolHandler ["http-nio-8080"]
13-Apr-2026 00:40:21.691 INFO [main] org.apache.coyote.AbstractProtocol.destroy Destroying ProtocolHandler ["http-nio-8080"]
13-Apr-2026 00:51:45.360 INFO [main] org.apache.catalina.core.StandardServer.await A valid shutdown command was received via the shutdown port. Stopping the Server instance.
13-Apr-2026 00:51:45.490 INFO [main] org.apache.coyote.AbstractProtocol.pause Pausing ProtocolHandler ["http-nio-8080"]
13-Apr-2026 00:51:46.202 INFO [main] org.apache.catalina.core.StandardService.stopInternal Stopping service [Catalina]
13-Apr-2026 00:51:47.020 INFO [main] org.apache.coyote.AbstractProtocol.stop Stopping ProtocolHandler ["http-nio-8080"]
13-Apr-2026 00:51:47.107 INFO [main] org.apache.coyote.AbstractProtocol.destroy Destroying ProtocolHandler ["http-nio-8080"]
13-Apr-2026 02:56:52.312 INFO [main] org.apache.catalina.startup.VersionLoggerListener.log Server version name:   Apache Tomcat/9.0.85
13-Apr-2026 02:56:52.321 INFO [main] org.apache.catalina.startup.VersionLoggerListener.log Server built:          Jan 5 2024 08:28:07 UTC
13-Apr-2026 02:56:52.322 INFO [main] org.apache.catalina.startup.VersionLoggerListener.log Server version number: 9.0.85.0
13-Apr-2026 02:56:52.323 INFO [main] org.apache.catalina.startup.VersionLoggerListener.log OS Name:               Linux
13-Apr-2026 02:56:52.323 INFO [main] org.apache.catalina.startup.VersionLoggerListener.log OS Version:            5.15.0-139-generic
13-Apr-2026 02:56:52.323 INFO [main] org.apache.catalina.startup.VersionLoggerListener.log Architecture:          amd64
13-Apr-2026 02:56:52.324 INFO [main] org.apache.catalina.startup.VersionLoggerListener.log Java Home:             /usr/lib/jvm/java-17-openjdk-amd64
13-Apr-2026 02:56:52.324 INFO [main] org.apache.catalina.startup.VersionLoggerListener.log JVM Version:           17.0.15+6-Ubuntu-0ubuntu120.04
13-Apr-2026 02:56:52.324 INFO [main] org.apache.catalina.startup.VersionLoggerListener.log JVM Vendor:            Ubuntu
13-Apr-2026 02:56:52.324 INFO [main] org.apache.catalina.startup.VersionLoggerListener.log CATALINA_BASE:         /home/moni/Desktop/tomcat2
13-Apr-2026 02:56:52.325 INFO [main] org.apache.catalina.startup.VersionLoggerListener.log CATALINA_HOME:         /home/moni/Desktop/tomcat2
13-Apr-2026 02:56:52.348 INFO [main] org.apache.catalina.startup.VersionLoggerListener.log Command line argument: --add-opens=java.base/java.lang=ALL-UNNAMED
13-Apr-2026 02:56:52.348 INFO [main] org.apache.catalina.startup.VersionLoggerListener.log Command line argument: --add-opens=java.base/java.io=ALL-UNNAMED
13-Apr-2026 02:56:52.348 INFO [main] org.apache.catalina.startup.VersionLoggerListener.log Command line argument: --add-opens=java.base/java.util=ALL-UNNAMED
13-Apr-2026 02:56:52.349 INFO [main] org.apache.catalina.startup.VersionLoggerListener.log Command line argument: --add-opens=java.base/java.util.concurrent=ALL-UNNAMED
13-Apr-2026 02:56:52.349 INFO [main] org.apache.catalina.startup.VersionLoggerListener.log Command line argument: --add-opens=java.rmi/sun.rmi.transport=ALL-UNNAMED
13-Apr-2026 02:56:52.350 INFO [main] org.apache.catalina.startup.VersionLoggerListener.log Command line argument: -Djava.util.logging.config.file=/home/moni/Desktop/tomcat2/conf/logging.properties
13-Apr-2026 02:56:52.350 INFO [main] org.apache.catalina.startup.VersionLoggerListener.log Command line argument: -Djava.util.logging.manager=org.apache.juli.ClassLoaderLogManager
13-Apr-2026 02:56:52.350 INFO [main] org.apache.catalina.startup.VersionLoggerListener.log Command line argument: -Djdk.tls.ephemeralDHKeySize=2048
13-Apr-2026 02:56:52.351 INFO [main] org.apache.catalina.startup.VersionLoggerListener.log Command line argument: -Djava.protocol.handler.pkgs=org.apache.catalina.webresources
13-Apr-2026 02:56:52.351 INFO [main] org.apache.catalina.startup.VersionLoggerListener.log Command line argument: -Dorg.apache.catalina.security.SecurityListener.UMASK=0027
13-Apr-2026 02:56:52.351 INFO [main] org.apache.catalina.startup.VersionLoggerListener.log Command line argument: -Dignore.endorsed.dirs=
13-Apr-2026 02:56:52.352 INFO [main] org.apache.catalina.startup.VersionLoggerListener.log Command line argument: -Dcatalina.base=/home/moni/Desktop/tomcat2
13-Apr-2026 02:56:52.352 INFO [main] org.apache.catalina.startup.VersionLoggerListener.log Command line argument: -Dcatalina.home=/home/moni/Desktop/tomcat2
13-Apr-2026 02:56:52.352 INFO [main] org.apache.catalina.startup.VersionLoggerListener.log Command line argument: -Djava.io.tmpdir=/home/moni/Desktop/tomcat2/temp
13-Apr-2026 02:56:52.357 INFO [main] org.apache.catalina.core.AprLifecycleListener.lifecycleEvent The Apache Tomcat Native library which allows using OpenSSL was not found on the java.library.path: [/usr/java/packages/lib:/usr/lib/x86_64-linux-gnu/jni:/lib/x86_64-linux-gnu:/usr/lib/x86_64-linux-gnu:/usr/lib/jni:/lib:/usr/lib]
13-Apr-2026 02:56:53.164 INFO [main] org.apache.coyote.AbstractProtocol.init Initializing ProtocolHandler ["http-nio-8082"]
13-Apr-2026 02:56:53.226 INFO [main] org.apache.catalina.startup.Catalina.load Server initialization in [1497] milliseconds
13-Apr-2026 02:56:53.332 INFO [main] org.apache.catalina.core.StandardService.startInternal Starting service [Catalina]
13-Apr-2026 02:56:53.333 INFO [main] org.apache.catalina.core.StandardEngine.startInternal Starting Servlet engine: [Apache Tomcat/9.0.85]
13-Apr-2026 02:56:53.389 INFO [main] org.apache.catalina.startup.HostConfig.deployWAR Deploying web application archive [/home/moni/Desktop/tomcat2/webapps/Amazon.war]
13-Apr-2026 02:57:02.915 INFO [main] org.apache.jasper.servlet.TldScanner.scanJars At least one JAR was scanned for TLDs yet contained no TLDs. Enable debug logging for this logger for a complete list of JARs that were scanned but no TLDs were found in them. Skipping unneeded JARs during scanning can improve startup time and JSP compilation time.
13-Apr-2026 02:57:03.016 INFO [main] org.apache.catalina.startup.HostConfig.deployWAR Deployment of web application archive [/home/moni/Desktop/tomcat2/webapps/Amazon.war] has finished in [9,626] ms
13-Apr-2026 02:57:03.018 INFO [main] org.apache.catalina.startup.HostConfig.deployDirectory Deploying web application directory [/home/moni/Desktop/tomcat2/webapps/examples]
13-Apr-2026 02:57:03.083 INFO [main] org.apache.catalina.startup.VersionLoggerListener.log Server version name:   Apache Tomcat/9.0.85
13-Apr-2026 02:57:03.097 INFO [main] org.apache.catalina.startup.VersionLoggerListener.log Server built:          Jan 5 2024 08:28:07 UTC
13-Apr-2026 02:57:03.098 INFO [main] org.apache.catalina.startup.VersionLoggerListener.log Server version number: 9.0.85.0
13-Apr-2026 02:57:03.099 INFO [main] org.apache.catalina.startup.VersionLoggerListener.log OS Name:               Linux
13-Apr-2026 02:57:03.099 INFO [main] org.apache.catalina.startup.VersionLoggerListener.log OS Version:            5.15.0-139-generic
13-Apr-2026 02:57:03.099 INFO [main] org.apache.catalina.startup.VersionLoggerListener.log Architecture:          amd64
13-Apr-2026 02:57:03.100 INFO [main] org.apache.catalina.startup.VersionLoggerListener.log Java Home:             /usr/lib/jvm/java-17-openjdk-amd64
13-Apr-2026 02:57:03.101 INFO [main] org.apache.catalina.startup.VersionLoggerListener.log JVM Version:           17.0.15+6-Ubuntu-0ubuntu120.04
13-Apr-2026 02:57:03.103 INFO [main] org.apache.catalina.startup.VersionLoggerListener.log JVM Vendor:            Ubuntu
13-Apr-2026 02:57:03.104 INFO [main] org.apache.catalina.startup.VersionLoggerListener.log CATALINA_BASE:         /home/moni/Desktop/tomcat2
13-Apr-2026 02:57:03.106 INFO [main] org.apache.catalina.startup.VersionLoggerListener.log CATALINA_HOME:         /home/moni/Desktop/tomcat2
13-Apr-2026 02:57:03.143 INFO [main] org.apache.catalina.startup.VersionLoggerListener.log Command line argument: --add-opens=java.base/java.lang=ALL-UNNAMED
13-Apr-2026 02:57:03.144 INFO [main] org.apache.catalina.startup.VersionLoggerListener.log Command line argument: --add-opens=java.base/java.io=ALL-UNNAMED
13-Apr-2026 02:57:03.145 INFO [main] org.apache.catalina.startup.VersionLoggerListener.log Command line argument: --add-opens=java.base/java.util=ALL-UNNAMED
13-Apr-2026 02:57:03.145 INFO [main] org.apache.catalina.startup.VersionLoggerListener.log Command line argument: --add-opens=java.base/java.util.concurrent=ALL-UNNAMED
13-Apr-2026 02:57:03.145 INFO [main] org.apache.catalina.startup.VersionLoggerListener.log Command line argument: --add-opens=java.rmi/sun.rmi.transport=ALL-UNNAMED
13-Apr-2026 02:57:03.146 INFO [main] org.apache.catalina.startup.VersionLoggerListener.log Command line argument: -Djava.util.logging.config.file=/home/moni/Desktop/tomcat2/conf/logging.properties
13-Apr-2026 02:57:03.146 INFO [main] org.apache.catalina.startup.VersionLoggerListener.log Command line argument: -Djava.util.logging.manager=org.apache.juli.ClassLoaderLogManager
13-Apr-2026 02:57:03.146 INFO [main] org.apache.catalina.startup.VersionLoggerListener.log Command line argument: -Djdk.tls.ephemeralDHKeySize=2048
13-Apr-2026 02:57:03.146 INFO [main] org.apache.catalina.startup.VersionLoggerListener.log Command line argument: -Djava.protocol.handler.pkgs=org.apache.catalina.webresources
13-Apr-2026 02:57:03.147 INFO [main] org.apache.catalina.startup.VersionLoggerListener.log Command line argument: -Dorg.apache.catalina.security.SecurityListener.UMASK=0027
13-Apr-2026 02:57:03.147 INFO [main] org.apache.catalina.startup.VersionLoggerListener.log Command line argument: -Dignore.endorsed.dirs=
13-Apr-2026 02:57:03.147 INFO [main] org.apache.catalina.startup.VersionLoggerListener.log Command line argument: -Dcatalina.base=/home/moni/Desktop/tomcat2
13-Apr-2026 02:57:03.148 INFO [main] org.apache.catalina.startup.VersionLoggerListener.log Command line argument: -Dcatalina.home=/home/moni/Desktop/tomcat2
13-Apr-2026 02:57:03.148 INFO [main] org.apache.catalina.startup.VersionLoggerListener.log Command line argument: -Djava.io.tmpdir=/home/moni/Desktop/tomcat2/temp
13-Apr-2026 02:57:03.156 INFO [main] org.apache.catalina.core.AprLifecycleListener.lifecycleEvent The Apache Tomcat Native library which allows using OpenSSL was not found on the java.library.path: [/usr/java/packages/lib:/usr/lib/x86_64-linux-gnu/jni:/lib/x86_64-linux-gnu:/usr/lib/x86_64-linux-gnu:/usr/lib/jni:/lib:/usr/lib]
13-Apr-2026 02:57:03.552 INFO [main] org.apache.catalina.startup.HostConfig.deployDirectory Deployment of web application directory [/home/moni/Desktop/tomcat2/webapps/examples] has finished in [534] ms
13-Apr-2026 02:57:03.553 INFO [main] org.apache.catalina.startup.HostConfig.deployDirectory Deploying web application directory [/home/moni/Desktop/tomcat2/webapps/ROOT]
13-Apr-2026 02:57:03.598 INFO [main] org.apache.catalina.startup.HostConfig.deployDirectory Deployment of web application directory [/home/moni/Desktop/tomcat2/webapps/ROOT] has finished in [44] ms
13-Apr-2026 02:57:03.599 INFO [main] org.apache.catalina.startup.HostConfig.deployDirectory Deploying web application directory [/home/moni/Desktop/tomcat2/webapps/host-manager]
13-Apr-2026 02:57:03.670 INFO [main] org.apache.catalina.startup.HostConfig.deployDirectory Deployment of web application directory [/home/moni/Desktop/tomcat2/webapps/host-manager] has finished in [70] ms
13-Apr-2026 02:57:03.671 INFO [main] org.apache.catalina.startup.HostConfig.deployDirectory Deploying web application directory [/home/moni/Desktop/tomcat2/webapps/manager]
13-Apr-2026 02:57:03.753 INFO [main] org.apache.catalina.startup.HostConfig.deployDirectory Deployment of web application directory [/home/moni/Desktop/tomcat2/webapps/manager] has finished in [82] ms
13-Apr-2026 02:57:03.754 INFO [main] org.apache.catalina.startup.HostConfig.deployDirectory Deploying web application directory [/home/moni/Desktop/tomcat2/webapps/docs]
13-Apr-2026 02:57:03.852 INFO [main] org.apache.catalina.startup.HostConfig.deployDirectory Deployment of web application directory [/home/moni/Desktop/tomcat2/webapps/docs] has finished in [94] ms
13-Apr-2026 02:57:03.880 INFO [main] org.apache.coyote.AbstractProtocol.start Starting ProtocolHandler ["http-nio-8082"]
13-Apr-2026 02:57:04.040 INFO [main] org.apache.catalina.startup.Catalina.start Server startup in [10812] milliseconds
13-Apr-2026 02:57:04.538 INFO [main] org.apache.coyote.AbstractProtocol.init Initializing ProtocolHandler ["http-nio-8082"]
13-Apr-2026 02:57:04.587 SEVERE [main] org.apache.catalina.util.LifecycleBase.handleSubClassException Failed to initialize component [Connector["http-nio-8082"]]
	org.apache.catalina.LifecycleException: Protocol handler initialization failed
		at org.apache.catalina.connector.Connector.initInternal(Connector.java:1011)
		at org.apache.catalina.util.LifecycleBase.init(LifecycleBase.java:127)
		at org.apache.catalina.core.StandardService.initInternal(StandardService.java:554)
		at org.apache.catalina.util.LifecycleBase.init(LifecycleBase.java:127)
		at org.apache.catalina.core.StandardServer.initInternal(StandardServer.java:1039)
		at org.apache.catalina.util.LifecycleBase.init(LifecycleBase.java:127)
		at org.apache.catalina.startup.Catalina.load(Catalina.java:724)
		at org.apache.catalina.startup.Catalina.load(Catalina.java:746)
		at java.base/jdk.internal.reflect.NativeMethodAccessorImpl.invoke0(Native Method)
		at java.base/jdk.internal.reflect.NativeMethodAccessorImpl.invoke(NativeMethodAccessorImpl.java:77)
		at java.base/jdk.internal.reflect.DelegatingMethodAccessorImpl.invoke(DelegatingMethodAccessorImpl.java:43)
		at java.base/java.lang.reflect.Method.invoke(Method.java:569)
		at org.apache.catalina.startup.Bootstrap.load(Bootstrap.java:307)
		at org.apache.catalina.startup.Bootstrap.main(Bootstrap.java:477)
	Caused by: java.net.BindException: Address already in use
		at java.base/sun.nio.ch.Net.bind0(Native Method)
		at java.base/sun.nio.ch.Net.bind(Net.java:555)
		at java.base/sun.nio.ch.ServerSocketChannelImpl.netBind(ServerSocketChannelImpl.java:337)
		at java.base/sun.nio.ch.ServerSocketChannelImpl.bind(ServerSocketChannelImpl.java:294)
		at org.apache.tomcat.util.net.NioEndpoint.initServerSocket(NioEndpoint.java:276)
		at org.apache.tomcat.util.net.NioEndpoint.bind(NioEndpoint.java:231)
		at org.apache.tomcat.util.net.AbstractEndpoint.bindWithCleanup(AbstractEndpoint.java:1332)
		at org.apache.tomcat.util.net.AbstractEndpoint.init(AbstractEndpoint.java:1345)
		at org.apache.coyote.AbstractProtocol.init(AbstractProtocol.java:654)
		at org.apache.coyote.http11.AbstractHttp11Protocol.init(AbstractHttp11Protocol.java:75)
		at org.apache.catalina.connector.Connector.initInternal(Connector.java:1009)
		... 13 more
13-Apr-2026 02:57:04.591 INFO [main] org.apache.catalina.startup.Catalina.load Server initialization in [2242] milliseconds
13-Apr-2026 02:57:04.742 INFO [main] org.apache.catalina.core.StandardService.startInternal Starting service [Catalina]
13-Apr-2026 02:57:04.742 INFO [main] org.apache.catalina.core.StandardEngine.startInternal Starting Servlet engine: [Apache Tomcat/9.0.85]
13-Apr-2026 02:57:04.789 INFO [main] org.apache.catalina.startup.HostConfig.deployWAR Deploying web application archive [/home/moni/Desktop/tomcat2/webapps/Amazon.war]
13-Apr-2026 02:57:12.882 INFO [main] org.apache.jasper.servlet.TldScanner.scanJars At least one JAR was scanned for TLDs yet contained no TLDs. Enable debug logging for this logger for a complete list of JARs that were scanned but no TLDs were found in them. Skipping unneeded JARs during scanning can improve startup time and JSP compilation time.
13-Apr-2026 02:57:12.950 INFO [main] org.apache.catalina.startup.HostConfig.deployWAR Deployment of web application archive [/home/moni/Desktop/tomcat2/webapps/Amazon.war] has finished in [8,160] ms
13-Apr-2026 02:57:12.951 INFO [main] org.apache.catalina.startup.HostConfig.deployDirectory Deploying web application directory [/home/moni/Desktop/tomcat2/webapps/examples]
13-Apr-2026 02:57:13.427 INFO [main] org.apache.catalina.startup.HostConfig.deployDirectory Deployment of web application directory [/home/moni/Desktop/tomcat2/webapps/examples] has finished in [475] ms
13-Apr-2026 02:57:13.429 INFO [main] org.apache.catalina.startup.HostConfig.deployDirectory Deploying web application directory [/home/moni/Desktop/tomcat2/webapps/ROOT]
13-Apr-2026 02:57:13.476 INFO [main] org.apache.catalina.startup.HostConfig.deployDirectory Deployment of web application directory [/home/moni/Desktop/tomcat2/webapps/ROOT] has finished in [47] ms
13-Apr-2026 02:57:13.477 INFO [main] org.apache.catalina.startup.HostConfig.deployDirectory Deploying web application directory [/home/moni/Desktop/tomcat2/webapps/host-manager]
13-Apr-2026 02:57:13.554 INFO [main] org.apache.catalina.startup.HostConfig.deployDirectory Deployment of web application directory [/home/moni/Desktop/tomcat2/webapps/host-manager] has finished in [76] ms
13-Apr-2026 02:57:13.554 INFO [main] org.apache.catalina.startup.HostConfig.deployDirectory Deploying web application directory [/home/moni/Desktop/tomcat2/webapps/manager]
13-Apr-2026 02:57:13.640 INFO [main] org.apache.catalina.startup.HostConfig.deployDirectory Deployment of web application directory [/home/moni/Desktop/tomcat2/webapps/manager] has finished in [85] ms
13-Apr-2026 02:57:13.641 INFO [main] org.apache.catalina.startup.HostConfig.deployDirectory Deploying web application directory [/home/moni/Desktop/tomcat2/webapps/docs]
13-Apr-2026 02:57:13.684 INFO [main] org.apache.catalina.startup.HostConfig.deployDirectory Deployment of web application directory [/home/moni/Desktop/tomcat2/webapps/docs] has finished in [42] ms
13-Apr-2026 02:57:13.697 INFO [main] org.apache.catalina.startup.Catalina.start Server startup in [9105] milliseconds
13-Apr-2026 02:57:13.708 SEVERE [main] org.apache.catalina.core.StandardServer.await Failed to create server shutdown socket on address [localhost] and port [8007] (base port [8007] and offset [0])
	java.net.BindException: Address already in use
		at java.base/sun.nio.ch.Net.bind0(Native Method)
		at java.base/sun.nio.ch.Net.bind(Net.java:555)
		at java.base/sun.nio.ch.Net.bind(Net.java:544)
		at java.base/sun.nio.ch.NioSocketImpl.bind(NioSocketImpl.java:648)
		at java.base/java.net.ServerSocket.bind(ServerSocket.java:388)
		at java.base/java.net.ServerSocket.<init>(ServerSocket.java:274)
		at org.apache.catalina.core.StandardServer.await(StandardServer.java:581)
		at org.apache.catalina.startup.Catalina.await(Catalina.java:864)
		at org.apache.catalina.startup.Catalina.start(Catalina.java:810)
		at java.base/jdk.internal.reflect.NativeMethodAccessorImpl.invoke0(Native Method)
		at java.base/jdk.internal.reflect.NativeMethodAccessorImpl.invoke(NativeMethodAccessorImpl.java:77)
		at java.base/jdk.internal.reflect.DelegatingMethodAccessorImpl.invoke(DelegatingMethodAccessorImpl.java:43)
		at java.base/java.lang.reflect.Method.invoke(Method.java:569)
		at org.apache.catalina.startup.Bootstrap.start(Bootstrap.java:347)
		at org.apache.catalina.startup.Bootstrap.main(Bootstrap.java:478)
13-Apr-2026 02:57:13.710 INFO [main] org.apache.coyote.AbstractProtocol.pause Pausing ProtocolHandler ["http-nio-8082"]
13-Apr-2026 02:57:13.711 INFO [main] org.apache.catalina.core.StandardService.stopInternal Stopping service [Catalina]
13-Apr-2026 02:57:13.777 INFO [main] org.apache.coyote.AbstractProtocol.stop Stopping ProtocolHandler ["http-nio-8082"]
13-Apr-2026 02:57:13.785 INFO [main] org.apache.coyote.AbstractProtocol.destroy Destroying ProtocolHandler ["http-nio-8082"]
